114.119.153.91 - - [28/Aug/2022:01:05:05 +0100] "GET /robots.txt HTTP/1.1" 404 341 "-" "Mozilla/5.0 (compatible;PetalBot;+https://webmaster.petalsearch.com/site/petalbot)"
114.119.153.208 - - [28/Aug/2022:01:32:47 +0100] "GET /files/1--CSFED_2013_COMPOSITE_all_events.pdf HTTP/1.1" 200 2999683 "http://csfed.org/2013---isle-of-man.html" "Mozilla/5.0 (Linux; Android 7.0;) AppleWebKit/537.36 (KHTML, like Gecko) Mobile Safari/537.36 (compatible; PetalBot;+https://webmaster.petalsearch.com/site/petalbot)"
138.128.118.130 - - [28/Aug/2022:01:33:21 +0100] "GET /officers---contact.html HTTP/1.1" 200 16520 "https://webtechsurvey.com/website/csfed.org" "Mozilla/5.0 (Windows NT 10.0; Win64; x64) AppleWebKit/537.36 (KHTML, like Gecko) Chrome/88.0.4324.190 Safari/537.36"
138.128.118.130 - - [28/Aug/2022:01:33:17 +0100] "GET / HTTP/1.1" 200 20706 "https://webtechsurvey.com/website/csfed.org" "Mozilla/5.0 (Windows NT 10.0; Win64; x64) AppleWebKit/537.36 (KHTML, like Gecko) Chrome/88.0.4324.190 Safari/537.36"
114.119.153.20 - - [28/Aug/2022:02:03:07 +0100] "GET /1980---england.html HTTP/1.1" 200 15278 "http://www.csfed.org/1988---guernsey.html" "Mozilla/5.0 (Linux; Android 7.0;) AppleWebKit/537.36 (KHTML, like Gecko) Mobile Safari/537.36 (compatible; PetalBot;+https://webmaster.petalsearch.com/site/petalbot)"
85.208.98.201 - - [28/Aug/2022:02:19:18 +0100] "GET /robots.txt HTTP/1.1" 404 341 "-" "Mozilla/5.0 (iPhone; CPU iPhone OS 6_0 like Mac OS X) AppleWebKit/536.26 (KHTML, like Gecko) Version/6.0 Mobile/10A5376e Safari/8536.25 (compatible; SiteAuditBot/0.97; +http://www.semrush.com/bot.html)"
85.208.98.192 - - [28/Aug/2022:02:19:18 +0100] "GET / HTTP/1.1" 200 20706 "-" "Mozilla/5.0 (iPhone; CPU iPhone OS 6_0 like Mac OS X) AppleWebKit/536.26 (KHTML, like Gecko) Version/6.0 Mobile/10A5376e Safari/8536.25 (compatible; SiteAuditBot/0.97; +http://www.semrush.com/bot.html)"
114.119.153.212 - - [28/Aug/2022:02:21:28 +0100] "GET /1978---jersey.html HTTP/1.1" 200 15242 "http://csfed.org/1981---scotland.html" "Mozilla/5.0 (Linux; Android 7.0;) AppleWebKit/537.36 (KHTML, like Gecko) Mobile Safari/537.36 (compatible; PetalBot;+https://webmaster.petalsearch.com/site/petalbot)"
40.77.167.65 - - [28/Aug/2022:02:32:12 +0100] "GET / HTTP/1.1" 200 20706 "-" "Mozilla/5.0 (compatible; bingbot/2.0; +http://www.bing.com/bingbot.htm)"
157.55.39.31 - - [28/Aug/2022:02:32:24 +0100] "GET /res/jquery.js?57 HTTP/1.1" 200 93884 "-" "Mozilla/5.0 (compatible; bingbot/2.0; +http://www.bing.com/bingbot.htm)"
157.55.39.31 - - [28/Aug/2022:02:32:24 +0100] "GET /style/print.css HTTP/1.1" 200 579 "-" "Mozilla/5.0 (compatible; bingbot/2.0; +http://www.bing.com/bingbot.htm)"
157.55.39.199 - - [28/Aug/2022:02:32:28 +0100] "GET /res/x5engine.js?57 HTTP/1.1" 200 3906 "-" "Mozilla/5.0 (compatible; bingbot/2.0; +http://www.bing.com/bingbot.htm)"
207.46.13.123 - - [28/Aug/2022:02:32:33 +0100] "GET /pcss/index.css HTTP/1.1" 200 15211 "-" "Mozilla/5.0 AppleWebKit/537.36 (KHTML, like Gecko; compatible; bingbot/2.0; +http://www.bing.com/bingbot.htm) Chrome/103.0.5060.134 Safari/537.36"
40.77.167.36 - - [28/Aug/2022:02:32:32 +0100] "GET /style/reset.css HTTP/1.1" 200 1047 "-" "Mozilla/5.0 (compatible; bingbot/2.0; +http://www.bing.com/bingbot.htm)"
207.46.13.123 - - [28/Aug/2022:02:32:34 +0100] "GET /style/menu.css HTTP/1.1" 200 9015 "-" "Mozilla/5.0 (compatible; bingbot/2.0; +http://www.bing.com/bingbot.htm)"
40.77.167.36 - - [28/Aug/2022:02:32:42 +0100] "GET /style/style.css HTTP/1.1" 200 14736 "-" "Mozilla/5.0 (compatible; bingbot/2.0; +http://www.bing.com/bingbot.htm)"
40.77.167.99 - - [28/Aug/2022:02:38:41 +0100] "GET /robots.txt HTTP/1.1" 404 341 "-" "Mozilla/5.0 (compatible; bingbot/2.0; +http://www.bing.com/bingbot.htm)"
40.77.139.113 - - [28/Aug/2022:02:48:23 +0100] "GET /style/template.css HTTP/1.1" 200 1778 "-" "Mozilla/5.0 (Windows NT 6.1; WOW64) AppleWebKit/534+ (KHTML, like Gecko) BingPreview/1.0b"
40.77.139.113 - - [28/Aug/2022:02:48:24 +0100] "GET /res/x5engine.deferrable.js HTTP/1.1" 200 173959 "-" "Mozilla/5.0 (Windows NT 6.1; WOW64) AppleWebKit/534+ (KHTML, like Gecko) BingPreview/1.0b"
40.77.191.237 - - [28/Aug/2022:02:48:24 +0100] "GET /res/l10n.js HTTP/1.1" 200 16284 "-" "Mozilla/5.0 (Windows NT 6.1; WOW64) AppleWebKit/534+ (KHTML, like Gecko) BingPreview/1.0b"
40.77.139.22 - - [28/Aug/2022:02:48:24 +0100] "GET /res/x5cartengine.js HTTP/1.1" 200 45781 "-" "Mozilla/5.0 (Windows NT 6.1; WOW64) AppleWebKit/534+ (KHTML, like Gecko) BingPreview/1.0b"
40.77.139.13 - - [28/Aug/2022:02:48:25 +0100] "GET /res/swfobject.js HTTP/1.1" 200 9673 "-" "Mozilla/5.0 (Windows NT 6.1; WOW64) AppleWebKit/534+ (KHTML, like Gecko) BingPreview/1.0b"
40.77.139.110 - - [28/Aug/2022:02:48:26 +0100] "GET /res/x5settings.js HTTP/1.1" 200 2282 "-" "Mozilla/5.0 (Windows NT 6.1; WOW64) AppleWebKit/534+ (KHTML, like Gecko) BingPreview/1.0b"
51.104.47.213 - - [28/Aug/2022:03:17:33 +0100] "GET /.env HTTP/1.1" 404 341 "-" "Mozilla/5.0 (Macintosh; Intel Mac OS X 10.15; rv:77.0) Gecko/20100101 Firefox/77.0"
51.104.47.213 - - [28/Aug/2022:03:17:33 +0100] "GET /.git/config HTTP/1.1" 404 341 "-" "Mozilla/5.0 (Macintosh; Intel Mac OS X 10.15; rv:77.0) Gecko/20100101 Firefox/77.0"
51.104.47.213 - - [28/Aug/2022:03:17:33 +0100] "GET /administrator/index.php HTTP/1.1" 404 341 "-" "Mozilla/5.0 (Macintosh; Intel Mac OS X 10.15; rv:77.0) Gecko/20100101 Firefox/77.0"
114.119.153.20 - - [28/Aug/2022:03:31:21 +0100] "GET /files/CSFED_1977.pdf HTTP/1.1" 200 55569 "http://csfed.org/1977---isle-of-man.html" "Mozilla/5.0 (Linux; Android 7.0;) AppleWebKit/537.36 (KHTML, like Gecko) Mobile Safari/537.36 (compatible; PetalBot;+https://webmaster.petalsearch.com/site/petalbot)"
114.119.153.220 - - [28/Aug/2022:03:50:26 +0100] "GET /1979---northern-ireland.html HTTP/1.1" 200 15296 "http://www.csfed.org/1988---guernsey.html" "Mozilla/5.0 (Linux; Android 7.0;) AppleWebKit/537.36 (KHTML, like Gecko) Mobile Safari/537.36 (compatible; PetalBot;+https://webmaster.petalsearch.com/site/petalbot)"
40.88.21.235 - - [28/Aug/2022:04:19:11 +0100] "GET / HTTP/1.1" 200 3872 "http://csfed.org/" "Mozilla/5.0 (compatible; DuckDuckGo-Favicons-Bot/1.0; +http://duckduckgo.com)"
40.88.21.235 - - [28/Aug/2022:04:19:11 +0100] "GET /favicon.png HTTP/1.1" 200 1150 "http://csfed.org/favicon.png" "Mozilla/5.0 (compatible; DuckDuckGo-Favicons-Bot/1.0; +http://duckduckgo.com)"
114.119.153.208 - - [28/Aug/2022:04:45:04 +0100] "GET /2008---gibraltar.html HTTP/1.1" 200 15338 "http://www.csfed.org/1988---guernsey.html" "Mozilla/5.0 (Linux; Android 7.0;) AppleWebKit/537.36 (KHTML, like Gecko) Mobile Safari/537.36 (compatible; PetalBot;+https://webmaster.petalsearch.com/site/petalbot)"
20.213.125.159 - - [28/Aug/2022:05:06:15 +0100] "GET / HTTP/1.1" 200 20706 "-" "Mozilla/5.0 (Windows NT 10.0; Win64; x64) AppleWebKit/537.36 (KHTML, like Gecko) Chrome/78.0.3904.108 Safari/537.36"
20.213.125.159 - - [28/Aug/2022:05:06:16 +0100] "GET / HTTP/1.1" 200 20460 "-" "Mozilla/5.0 (Windows NT 10.0; Win64; x64) AppleWebKit/537.36 (KHTML, like Gecko) Chrome/78.0.3904.108 Safari/537.36"
20.213.125.159 - - [28/Aug/2022:05:06:17 +0100] "GET / HTTP/1.1" 200 20460 "-" "Mozilla/5.0 (Windows NT 10.0; Win64; x64) AppleWebKit/537.36 (KHTML, like Gecko) Chrome/78.0.3904.108 Safari/537.36"
51.104.47.213 - - [28/Aug/2022:05:10:29 +0100] "GET /.env HTTP/1.1" 404 341 "-" "Mozilla/5.0 (Macintosh; Intel Mac OS X 10.15; rv:77.0) Gecko/20100101 Firefox/77.0"
51.104.47.213 - - [28/Aug/2022:05:10:29 +0100] "GET /.git/config HTTP/1.1" 404 341 "-" "Mozilla/5.0 (Macintosh; Intel Mac OS X 10.15; rv:77.0) Gecko/20100101 Firefox/77.0"
51.104.47.213 - - [28/Aug/2022:05:10:29 +0100] "GET /administrator/index.php HTTP/1.1" 404 341 "-" "Mozilla/5.0 (Macintosh; Intel Mac OS X 10.15; rv:77.0) Gecko/20100101 Firefox/77.0"
159.65.7.189 - - [28/Aug/2022:05:36:51 +0100] "GET / HTTP/1.1" 200 20460 "-" "Mozilla/5.0 (Windows NT 10.0; Win64; x64) AppleWebKit/537.36 (KHTML, like Gecko) Chrome/78.0.3904.108 Safari/537.36"
159.65.7.189 - - [28/Aug/2022:05:36:52 +0100] "GET / HTTP/1.1" 200 20460 "-" "Mozilla/5.0 (Windows NT 10.0; Win64; x64) AppleWebKit/537.36 (KHTML, like Gecko) Chrome/78.0.3904.108 Safari/537.36"
159.65.7.189 - - [28/Aug/2022:05:36:53 +0100] "GET / HTTP/1.1" 200 20460 "-" "Mozilla/5.0 (Windows NT 10.0; Win64; x64) AppleWebKit/537.36 (KHTML, like Gecko) Chrome/78.0.3904.108 Safari/537.36"
114.119.153.212 - - [28/Aug/2022:05:49:31 +0100] "GET /2003---jersey.html HTTP/1.1" 200 15254 "http://csfed.org/1981---scotland.html" "Mozilla/5.0 (Linux; Android 7.0;) AppleWebKit/537.36 (KHTML, like Gecko) Mobile Safari/537.36 (compatible; PetalBot;+https://webmaster.petalsearch.com/site/petalbot)"
67.205.179.76 - - [28/Aug/2022:06:14:58 +0100] "GET /wp-admin/install.php HTTP/1.1" 404 341 "-" "Mozilla/5.0 (Macintosh; Intel Mac OS X 10_10_1) AppleWebKit/537.36 (KHTML, like Gecko) Chrome/39.0.2171.95 Safari/537.36"
67.205.179.76 - - [28/Aug/2022:06:15:02 +0100] "GET /wp/wp-admin/install.php HTTP/1.1" 404 341 "-" "Mozilla/5.0 (Macintosh; Intel Mac OS X 10_10_1) AppleWebKit/537.36 (KHTML, like Gecko) Chrome/39.0.2171.95 Safari/537.36"
67.205.179.76 - - [28/Aug/2022:06:15:06 +0100] "GET /new/wp-admin/install.php HTTP/1.1" 404 341 "-" "Mozilla/5.0 (Macintosh; Intel Mac OS X 10_10_1) AppleWebKit/537.36 (KHTML, like Gecko) Chrome/39.0.2171.95 Safari/537.36"
67.205.179.76 - - [28/Aug/2022:06:15:11 +0100] "GET /old/wp-admin/install.php HTTP/1.1" 404 341 "-" "Mozilla/5.0 (Macintosh; Intel Mac OS X 10_10_1) AppleWebKit/537.36 (KHTML, like Gecko) Chrome/39.0.2171.95 Safari/537.36"
67.205.179.76 - - [28/Aug/2022:06:15:14 +0100] "GET /wordpress/wp-admin/install.php HTTP/1.1" 404 341 "-" "Mozilla/5.0 (Macintosh; Intel Mac OS X 10_10_1) AppleWebKit/537.36 (KHTML, like Gecko) Chrome/39.0.2171.95 Safari/537.36"
67.205.179.76 - - [28/Aug/2022:06:15:18 +0100] "GET /test/wp-admin/install.php HTTP/1.1" 404 341 "-" "Mozilla/5.0 (Macintosh; Intel Mac OS X 10_10_1) AppleWebKit/537.36 (KHTML, like Gecko) Chrome/39.0.2171.95 Safari/537.36"
67.205.179.76 - - [28/Aug/2022:06:15:22 +0100] "GET /blog/wp-admin/install.php HTTP/1.1" 404 341 "-" "Mozilla/5.0 (Macintosh; Intel Mac OS X 10_10_1) AppleWebKit/537.36 (KHTML, like Gecko) Chrome/39.0.2171.95 Safari/537.36"
67.205.179.76 - - [28/Aug/2022:06:15:29 +0100] "GET /web/wp-admin/install.php HTTP/1.1" 404 341 "-" "Mozilla/5.0 (Macintosh; Intel Mac OS X 10_10_1) AppleWebKit/537.36 (KHTML, like Gecko) Chrome/39.0.2171.95 Safari/537.36"
67.205.179.76 - - [28/Aug/2022:06:15:26 +0100] "GET /cms/wp-admin/install.php HTTP/1.1" 404 341 "-" "Mozilla/5.0 (Macintosh; Intel Mac OS X 10_10_1) AppleWebKit/537.36 (KHTML, like Gecko) Chrome/39.0.2171.95 Safari/537.36"
67.205.179.76 - - [28/Aug/2022:06:15:33 +0100] "GET /backup/wp-admin/install.php HTTP/1.1" 404 341 "-" "Mozilla/5.0 (Macintosh; Intel Mac OS X 10_10_1) AppleWebKit/537.36 (KHTML, like Gecko) Chrome/39.0.2171.95 Safari/537.36"
67.205.179.76 - - [28/Aug/2022:06:15:36 +0100] "GET /site/wp-admin/install.php HTTP/1.1" 404 341 "-" "Mozilla/5.0 (Macintosh; Intel Mac OS X 10_10_1) AppleWebKit/537.36 (KHTML, like Gecko) Chrome/39.0.2171.95 Safari/537.36"
67.205.179.76 - - [28/Aug/2022:06:15:40 +0100] "GET /oldsite/wp-admin/install.php HTTP/1.1" 404 341 "-" "Mozilla/5.0 (Macintosh; Intel Mac OS X 10_10_1) AppleWebKit/537.36 (KHTML, like Gecko) Chrome/39.0.2171.95 Safari/537.36"
156.146.63.157 - - [28/Aug/2022:07:06:25 +0100] "GET /.env HTTP/1.1" 404 341 "-" "Mozilla/5.0 (Linux; U; Android 4.4.2; en-US; HM NOTE 1W Build/KOT49H) AppleWebKit/534.30 (KHTML, like Gecko) Version/4.0 UCBrowser/11.0.5.850 U3/0.8.0 Mobile Safari/534.30"
156.146.63.157 - - [28/Aug/2022:07:06:25 +0100] "POST / HTTP/1.1" 200 20706 "-" "Mozilla/5.0 (Linux; U; Android 4.4.2; en-US; HM NOTE 1W Build/KOT49H) AppleWebKit/534.30 (KHTML, like Gecko) Version/4.0 UCBrowser/11.0.5.850 U3/0.8.0 Mobile Safari/534.30"
156.146.63.157 - - [28/Aug/2022:07:06:26 +0100] "GET /.env HTTP/1.1" 404 341 "-" "Mozilla/5.0 (Linux; U; Android 4.4.2; en-US; HM NOTE 1W Build/KOT49H) AppleWebKit/534.30 (KHTML, like Gecko) Version/4.0 UCBrowser/11.0.5.850 U3/0.8.0 Mobile Safari/534.30"
20.213.125.159 - - [28/Aug/2022:07:11:01 +0100] "GET / HTTP/1.1" 200 20460 "-" "Mozilla/5.0 (Windows NT 10.0; Win64; x64) AppleWebKit/537.36 (KHTML, like Gecko) Chrome/78.0.3904.108 Safari/537.36"
20.213.125.159 - - [28/Aug/2022:07:11:01 +0100] "GET / HTTP/1.1" 200 20460 "-" "Mozilla/5.0 (Windows NT 10.0; Win64; x64) AppleWebKit/537.36 (KHTML, like Gecko) Chrome/78.0.3904.108 Safari/537.36"
20.213.125.159 - - [28/Aug/2022:07:11:02 +0100] "GET / HTTP/1.1" 200 20460 "-" "Mozilla/5.0 (Windows NT 10.0; Win64; x64) AppleWebKit/537.36 (KHTML, like Gecko) Chrome/78.0.3904.108 Safari/537.36"
114.119.153.220 - - [28/Aug/2022:07:16:36 +0100] "GET /files/1-CSF-ED--2007-Results-all-events.pdf HTTP/1.1" 200 123384 "http://www.csfed.org/2007---jersey.html" "Mozilla/5.0 (Linux; Android 7.0;) AppleWebKit/537.36 (KHTML, like Gecko) Mobile Safari/537.36 (compatible; PetalBot;+https://webmaster.petalsearch.com/site/petalbot)"
156.146.63.157 - - [28/Aug/2022:07:20:12 +0100] "POST / HTTP/1.1" 200 20706 "-" "Mozilla/5.0 (Linux; U; Android 4.4.2; en-US; HM NOTE 1W Build/KOT49H) AppleWebKit/534.30 (KHTML, like Gecko) Version/4.0 UCBrowser/11.0.5.850 U3/0.8.0 Mobile Safari/534.30"
156.146.63.157 - - [28/Aug/2022:07:20:13 +0100] "GET /.env HTTP/1.1" 404 341 "-" "Mozilla/5.0 (Linux; U; Android 4.4.2; en-US; HM NOTE 1W Build/KOT49H) AppleWebKit/534.30 (KHTML, like Gecko) Version/4.0 UCBrowser/11.0.5.850 U3/0.8.0 Mobile Safari/534.30"
156.146.63.157 - - [28/Aug/2022:07:20:12 +0100] "GET /.env HTTP/1.1" 404 341 "-" "Mozilla/5.0 (Linux; U; Android 4.4.2; en-US; HM NOTE 1W Build/KOT49H) AppleWebKit/534.30 (KHTML, like Gecko) Version/4.0 UCBrowser/11.0.5.850 U3/0.8.0 Mobile Safari/534.30"
156.146.63.157 - - [28/Aug/2022:07:20:14 +0100] "POST / HTTP/1.1" 200 20706 "-" "Mozilla/5.0 (Linux; U; Android 4.4.2; en-US; HM NOTE 1W Build/KOT49H) AppleWebKit/534.30 (KHTML, like Gecko) Version/4.0 UCBrowser/11.0.5.850 U3/0.8.0 Mobile Safari/534.30"
156.146.63.157 - - [28/Aug/2022:07:20:20 +0100] "GET /vendor/phpunit/phpunit/src/Util/PHP/eval-stdin.php HTTP/1.1" 404 341 "-" "python-requests/2.28.0"
178.32.215.167 - - [28/Aug/2022:07:43:31 +0100] "GET /wp-includes/wp-class.php HTTP/1.1" 404 341 "-" "python-requests/2.27.1"
51.142.191.146 - - [28/Aug/2022:08:40:00 +0100] "GET /wp-content/plugins/instabuilder2/assets/css/instabuilder2.css HTTP/1.1" 404 341 "www.google.com" "Mozilla/5.0 (Windows NT 10.0; Win64; x64) AppleWebKit/537.36 (KHTML, like Gecko) Chrome/90.0.4430.85 Safari/537.36"
51.142.191.146 - - [28/Aug/2022:08:40:04 +0100] "GET /wp/wp-content/plugins/instabuilder2/assets/css/instabuilder2.css HTTP/1.1" 404 341 "www.google.com" "Mozilla/5.0 (Windows NT 10.0; Win64; x64) AppleWebKit/537.36 (KHTML, like Gecko) Chrome/90.0.4430.85 Safari/537.36"
51.142.191.146 - - [28/Aug/2022:08:40:06 +0100] "GET /wordpress/wp-content/plugins/instabuilder2/assets/css/instabuilder2.css HTTP/1.1" 404 341 "www.google.com" "Mozilla/5.0 (Windows NT 10.0; Win64; x64) AppleWebKit/537.36 (KHTML, like Gecko) Chrome/90.0.4430.85 Safari/537.36"
51.142.191.146 - - [28/Aug/2022:08:40:09 +0100] "GET /blog/wp-content/plugins/instabuilder2/assets/css/instabuilder2.css HTTP/1.1" 404 341 "www.google.com" "Mozilla/5.0 (Windows NT 10.0; Win64; x64) AppleWebKit/537.36 (KHTML, like Gecko) Chrome/90.0.4430.85 Safari/537.36"
114.119.153.211 - - [28/Aug/2022:08:46:27 +0100] "GET /files/1997-AP-Prs--2-.pdf HTTP/1.1" 200 18577 "http://www.csfed.org/1997---gibraltar.html" "Mozilla/5.0 (Linux; Android 7.0;) AppleWebKit/537.36 (KHTML, like Gecko) Mobile Safari/537.36 (compatible; PetalBot;+https://webmaster.petalsearch.com/site/petalbot)"
114.119.153.209 - - [28/Aug/2022:08:57:51 +0100] "GET /files/1997-3x40.pdf HTTP/1.1" 200 32267 "http://csfed.org/1997---gibraltar.html" "Mozilla/5.0 (Linux; Android 7.0;) AppleWebKit/537.36 (KHTML, like Gecko) Mobile Safari/537.36 (compatible; PetalBot;+https://webmaster.petalsearch.com/site/petalbot)"
114.119.153.208 - - [28/Aug/2022:09:09:05 +0100] "GET /1983---wales.html HTTP/1.1" 200 15274 "http://csfed.org/1981---scotland.html" "Mozilla/5.0 (Linux; Android 7.0;) AppleWebKit/537.36 (KHTML, like Gecko) Mobile Safari/537.36 (compatible; PetalBot;+https://webmaster.petalsearch.com/site/petalbot)"
114.119.153.209 - - [28/Aug/2022:09:20:23 +0100] "GET /2004---isle-of-man.html HTTP/1.1" 200 15264 "http://www.csfed.org/1988---guernsey.html" "Mozilla/5.0 (Linux; Android 7.0;) AppleWebKit/537.36 (KHTML, like Gecko) Mobile Safari/537.36 (compatible; PetalBot;+https://webmaster.petalsearch.com/site/petalbot)"
49.7.20.72 - - [28/Aug/2022:09:35:40 +0100] "GET / HTTP/1.1" 200 20706 "-" "Sogou web spider/4.0(+http://www.sogou.com/docs/help/webmasters.htm#07)"
42.236.10.70 - - [28/Aug/2022:09:41:53 +0100] "GET / HTTP/1.1" 200 20706 "http://www.csfed.org/" "Mozilla/5.0 (Windows NT 6.1; WOW64) AppleWebKit/537.36 (KHTML, like Gecko) Chrome/50.0.2661.102 Safari/537.36; 360Spider"
51.142.191.146 - - [28/Aug/2022:09:45:26 +0100] "GET /wp-content/plugins/instabuilder2/assets/css/instabuilder2.css HTTP/1.1" 404 341 "www.google.com" "Mozilla/5.0 (Windows NT 10.0; Win64; x64) AppleWebKit/537.36 (KHTML, like Gecko) Chrome/90.0.4430.85 Safari/537.36"
51.142.191.146 - - [28/Aug/2022:09:45:29 +0100] "GET /wp/wp-content/plugins/instabuilder2/assets/css/instabuilder2.css HTTP/1.1" 404 341 "www.google.com" "Mozilla/5.0 (Windows NT 10.0; Win64; x64) AppleWebKit/537.36 (KHTML, like Gecko) Chrome/90.0.4430.85 Safari/537.36"
51.142.191.146 - - [28/Aug/2022:09:45:41 +0100] "GET /wordpress/wp-content/plugins/instabuilder2/assets/css/instabuilder2.css HTTP/1.1" 404 341 "www.google.com" "Mozilla/5.0 (Windows NT 10.0; Win64; x64) AppleWebKit/537.36 (KHTML, like Gecko) Chrome/90.0.4430.85 Safari/537.36"
51.142.191.146 - - [28/Aug/2022:09:45:48 +0100] "GET /blog/wp-content/plugins/instabuilder2/assets/css/instabuilder2.css HTTP/1.1" 404 341 "www.google.com" "Mozilla/5.0 (Windows NT 10.0; Win64; x64) AppleWebKit/537.36 (KHTML, like Gecko) Chrome/90.0.4430.85 Safari/537.36"
114.119.131.10 - - [28/Aug/2022:09:46:47 +0100] "GET /robots.txt HTTP/1.1" 404 341 "-" "Mozilla/5.0 (compatible;PetalBot;+https://webmaster.petalsearch.com/site/petalbot)"
5.161.141.106 - - [28/Aug/2022:10:14:37 +0100] "GET / HTTP/1.1" 200 20706 "-" "Mozilla/5.0 (X11; Linux x86_64) AppleWebKit/537.36 (KHTML, like Gecko) Chrome/80.0.3987.116 Safari/537.36"
49.7.20.72 - - [28/Aug/2022:10:16:22 +0100] "GET / HTTP/1.1" 200 3872 "-" "Sogou web spider/4.0(+http://www.sogou.com/docs/help/webmasters.htm#07)"
84.38.132.35 - - [28/Aug/2022:10:29:37 +0100] "GET /member-federations.html HTTP/1.1" 200 24912 "-" "Mozilla/5.0 (compatible; Googlebot/2.1; +http://www.google.com/bot.html)"
207.46.13.123 - - [28/Aug/2022:10:49:42 +0100] "GET /files/csfed-regulations---approved-27.9.08,-gibraltar,-and-amended-sept-2009.pdf HTTP/1.1" 404 341 "-" "Mozilla/5.0 (compatible; bingbot/2.0; +http://www.bing.com/bingbot.htm)"
49.7.20.72 - - [28/Aug/2022:10:50:19 +0100] "GET / HTTP/1.1" 200 20706 "-" "Sogou web spider/4.0(+http://www.sogou.com/docs/help/webmasters.htm#07)"
178.32.215.167 - - [28/Aug/2022:11:04:52 +0100] "GET /wp-includes/wp-class.php HTTP/1.1" 404 341 "-" "python-requests/2.27.1"
114.119.153.208 - - [28/Aug/2022:11:05:07 +0100] "GET /files/1997-Prone-Men-Prs.pdf HTTP/1.1" 200 43988 "http://csfed.org/1997---gibraltar.html" "Mozilla/5.0 (Linux; Android 7.0;) AppleWebKit/537.36 (KHTML, like Gecko) Mobile Safari/537.36 (compatible; PetalBot;+https://webmaster.petalsearch.com/site/petalbot)"
49.7.20.72 - - [28/Aug/2022:11:18:26 +0100] "GET / HTTP/1.1" 200 3872 "-" "Sogou web spider/4.0(+http://www.sogou.com/docs/help/webmasters.htm#07)"
49.7.21.102 - - [28/Aug/2022:11:32:51 +0100] "GET / HTTP/1.1" 200 20706 "-" "Sogou web spider/4.0(+http://www.sogou.com/docs/help/webmasters.htm#07)"
40.77.167.65 - - [28/Aug/2022:11:39:45 +0100] "GET / HTTP/1.1" 200 3872 "-" "Mozilla/5.0 (compatible; bingbot/2.0; +http://www.bing.com/bingbot.htm)"
49.7.20.72 - - [28/Aug/2022:11:41:17 +0100] "GET / HTTP/1.1" 200 3872 "-" "Sogou web spider/4.0(+http://www.sogou.com/docs/help/webmasters.htm#07)"
156.146.63.157 - - [28/Aug/2022:12:11:25 +0100] "GET /.env HTTP/1.1" 404 341 "-" "Mozilla/5.0 (Linux; U; Android 4.4.2; en-US; HM NOTE 1W Build/KOT49H) AppleWebKit/534.30 (KHTML, like Gecko) Version/4.0 UCBrowser/11.0.5.850 U3/0.8.0 Mobile Safari/534.30"
156.146.63.157 - - [28/Aug/2022:12:11:26 +0100] "POST / HTTP/1.1" 200 20706 "-" "Mozilla/5.0 (Linux; U; Android 4.4.2; en-US; HM NOTE 1W Build/KOT49H) AppleWebKit/534.30 (KHTML, like Gecko) Version/4.0 UCBrowser/11.0.5.850 U3/0.8.0 Mobile Safari/534.30"
156.146.63.157 - - [28/Aug/2022:12:11:28 +0100] "POST / HTTP/1.1" 200 20706 "-" "Mozilla/5.0 (Linux; U; Android 4.4.2; en-US; HM NOTE 1W Build/KOT49H) AppleWebKit/534.30 (KHTML, like Gecko) Version/4.0 UCBrowser/11.0.5.850 U3/0.8.0 Mobile Safari/534.30"
156.146.63.157 - - [28/Aug/2022:12:11:27 +0100] "GET /.env HTTP/1.1" 404 341 "-" "Mozilla/5.0 (Linux; U; Android 4.4.2; en-US; HM NOTE 1W Build/KOT49H) AppleWebKit/534.30 (KHTML, like Gecko) Version/4.0 UCBrowser/11.0.5.850 U3/0.8.0 Mobile Safari/534.30"
156.146.63.157 - - [28/Aug/2022:12:11:34 +0100] "GET /vendor/phpunit/phpunit/src/Util/PHP/eval-stdin.php HTTP/1.1" 404 341 "-" "python-requests/2.28.0"
49.7.21.102 - - [28/Aug/2022:12:21:55 +0100] "GET / HTTP/1.1" 200 3872 "-" "Sogou web spider/4.0(+http://www.sogou.com/docs/help/webmasters.htm#07)"
114.119.132.16 - - [28/Aug/2022:14:21:23 +0100] "GET /robots.txt HTTP/1.1" 404 341 "-" "Mozilla/5.0 (compatible;PetalBot;+https://webmaster.petalsearch.com/site/petalbot)"
157.55.39.31 - - [28/Aug/2022:14:59:48 +0100] "GET /index.html HTTP/1.1" 200 20706 "-" "Mozilla/5.0 (iPhone; CPU iPhone OS 7_0 like Mac OS X) AppleWebKit/537.51.1 (KHTML, like Gecko) Version/7.0 Mobile/11A465 Safari/9537.53 (compatible; bingbot/2.0; +http://www.bing.com/bingbot.htm)"
40.77.167.36 - - [28/Aug/2022:15:00:04 +0100] "GET /style/reset.css HTTP/1.1" 200 1047 "-" "Mozilla/5.0 (iPhone; CPU iPhone OS 7_0 like Mac OS X) AppleWebKit/537.51.1 (KHTML, like Gecko) Version/7.0 Mobile/11A465 Safari/9537.53 (compatible; bingbot/2.0; +http://www.bing.com/bingbot.htm)"
40.77.167.36 - - [28/Aug/2022:15:00:04 +0100] "GET /style/style.css HTTP/1.1" 200 14736 "-" "Mozilla/5.0 (iPhone; CPU iPhone OS 7_0 like Mac OS X) AppleWebKit/537.51.1 (KHTML, like Gecko) Version/7.0 Mobile/11A465 Safari/9537.53 (compatible; bingbot/2.0; +http://www.bing.com/bingbot.htm)"
207.46.13.123 - - [28/Aug/2022:15:00:06 +0100] "GET /pcss/index.css HTTP/1.1" 200 15211 "-" "Mozilla/5.0 (iPhone; CPU iPhone OS 7_0 like Mac OS X) AppleWebKit/537.51.1 (KHTML, like Gecko) Version/7.0 Mobile/11A465 Safari/9537.53 (compatible; bingbot/2.0; +http://www.bing.com/bingbot.htm)"
157.55.39.31 - - [28/Aug/2022:15:00:09 +0100] "GET /res/jquery.js?57 HTTP/1.1" 200 93884 "-" "Mozilla/5.0 (iPhone; CPU iPhone OS 7_0 like Mac OS X) AppleWebKit/537.51.1 (KHTML, like Gecko) Version/7.0 Mobile/11A465 Safari/9537.53 (compatible; bingbot/2.0; +http://www.bing.com/bingbot.htm)"
157.55.39.31 - - [28/Aug/2022:15:00:09 +0100] "GET /style/print.css HTTP/1.1" 200 579 "-" "Mozilla/5.0 (iPhone; CPU iPhone OS 7_0 like Mac OS X) AppleWebKit/537.51.1 (KHTML, like Gecko) Version/7.0 Mobile/11A465 Safari/9537.53 (compatible; bingbot/2.0; +http://www.bing.com/bingbot.htm)"
40.77.167.65 - - [28/Aug/2022:15:00:13 +0100] "GET /style/template.css HTTP/1.1" 200 1778 "-" "Mozilla/5.0 (iPhone; CPU iPhone OS 7_0 like Mac OS X) AppleWebKit/537.51.1 (KHTML, like Gecko) Version/7.0 Mobile/11A465 Safari/9537.53 (compatible; bingbot/2.0; +http://www.bing.com/bingbot.htm)"
157.55.39.199 - - [28/Aug/2022:15:00:13 +0100] "GET /res/x5engine.js?57 HTTP/1.1" 200 3906 "-" "Mozilla/5.0 (iPhone; CPU iPhone OS 7_0 like Mac OS X) AppleWebKit/537.51.1 (KHTML, like Gecko) Version/7.0 Mobile/11A465 Safari/9537.53 (compatible; bingbot/2.0; +http://www.bing.com/bingbot.htm)"
207.46.13.123 - - [28/Aug/2022:15:00:18 +0100] "GET /style/menu.css HTTP/1.1" 200 9015 "-" "Mozilla/5.0 (iPhone; CPU iPhone OS 7_0 like Mac OS X) AppleWebKit/537.51.1 (KHTML, like Gecko) Version/7.0 Mobile/11A465 Safari/9537.53 (compatible; bingbot/2.0; +http://www.bing.com/bingbot.htm)"
40.77.189.9 - - [28/Aug/2022:15:16:03 +0100] "GET /style/bg.jpg HTTP/1.1" 200 4781 "-" "Mozilla/5.0 (iPhone; CPU iPhone OS 7_0 like Mac OS X) AppleWebKit/537.51.1 (KHTML, like Gecko) Version/7.0 Mobile/11A465 Safari/9537.53 BingPreview/1.0b"
40.77.190.164 - - [28/Aug/2022:15:16:05 +0100] "GET /menu/member-federations.png HTTP/1.1" 200 1553 "-" "Mozilla/5.0 (iPhone; CPU iPhone OS 7_0 like Mac OS X) AppleWebKit/537.51.1 (KHTML, like Gecko) Version/7.0 Mobile/11A465 Safari/9537.53 BingPreview/1.0b"
40.77.188.203 - - [28/Aug/2022:15:16:04 +0100] "GET /style/top.png HTTP/1.1" 200 110502 "-" "Mozilla/5.0 (iPhone; CPU iPhone OS 7_0 like Mac OS X) AppleWebKit/537.51.1 (KHTML, like Gecko) Version/7.0 Mobile/11A465 Safari/9537.53 BingPreview/1.0b"
40.77.189.132 - - [28/Aug/2022:15:16:04 +0100] "GET /style/menu.jpg HTTP/1.1" 200 7337 "-" "Mozilla/5.0 (iPhone; CPU iPhone OS 7_0 like Mac OS X) AppleWebKit/537.51.1 (KHTML, like Gecko) Version/7.0 Mobile/11A465 Safari/9537.53 BingPreview/1.0b"
40.77.188.236 - - [28/Aug/2022:15:16:04 +0100] "GET /menu/index_h.png HTTP/1.1" 200 1712 "-" "Mozilla/5.0 (iPhone; CPU iPhone OS 7_0 like Mac OS X) AppleWebKit/537.51.1 (KHTML, like Gecko) Version/7.0 Mobile/11A465 Safari/9537.53 BingPreview/1.0b"
40.77.190.191 - - [28/Aug/2022:15:16:05 +0100] "GET /menu/officers---contact.png HTTP/1.1" 200 1520 "-" "Mozilla/5.0 (iPhone; CPU iPhone OS 7_0 like Mac OS X) AppleWebKit/537.51.1 (KHTML, like Gecko) Version/7.0 Mobile/11A465 Safari/9537.53 BingPreview/1.0b"
40.77.188.206 - - [28/Aug/2022:15:16:06 +0100] "GET /style/bottom.png HTTP/1.1" 200 3109 "-" "Mozilla/5.0 (iPhone; CPU iPhone OS 7_0 like Mac OS X) AppleWebKit/537.51.1 (KHTML, like Gecko) Version/7.0 Mobile/11A465 Safari/9537.53 BingPreview/1.0b"
40.77.190.12 - - [28/Aug/2022:15:16:06 +0100] "GET /res/swfobject.js HTTP/1.1" 200 9673 "-" "Mozilla/5.0 (iPhone; CPU iPhone OS 7_0 like Mac OS X) AppleWebKit/537.51.1 (KHTML, like Gecko) Version/7.0 Mobile/11A465 Safari/9537.53 BingPreview/1.0b"
40.77.189.11 - - [28/Aug/2022:15:16:06 +0100] "GET /images/gradient_9vd7zl14.png HTTP/1.1" 200 577 "-" "Mozilla/5.0 (iPhone; CPU iPhone OS 7_0 like Mac OS X) AppleWebKit/537.51.1 (KHTML, like Gecko) Version/7.0 Mobile/11A465 Safari/9537.53 BingPreview/1.0b"
40.77.190.238 - - [28/Aug/2022:15:16:06 +0100] "GET /res/x5engine.deferrable.js HTTP/1.1" 200 173959 "-" "Mozilla/5.0 (iPhone; CPU iPhone OS 7_0 like Mac OS X) AppleWebKit/537.51.1 (KHTML, like Gecko) Version/7.0 Mobile/11A465 Safari/9537.53 BingPreview/1.0b"
40.77.190.164 - - [28/Aug/2022:15:16:07 +0100] "GET /res/x5cartengine.js HTTP/1.1" 200 45781 "-" "Mozilla/5.0 (iPhone; CPU iPhone OS 7_0 like Mac OS X) AppleWebKit/537.51.1 (KHTML, like Gecko) Version/7.0 Mobile/11A465 Safari/9537.53 BingPreview/1.0b"
40.77.190.12 - - [28/Aug/2022:15:16:07 +0100] "GET /res/l10n.js HTTP/1.1" 200 16284 "-" "Mozilla/5.0 (iPhone; CPU iPhone OS 7_0 like Mac OS X) AppleWebKit/537.51.1 (KHTML, like Gecko) Version/7.0 Mobile/11A465 Safari/9537.53 BingPreview/1.0b"
40.77.190.216 - - [28/Aug/2022:15:16:07 +0100] "GET /res/x5settings.js HTTP/1.1" 200 2282 "-" "Mozilla/5.0 (iPhone; CPU iPhone OS 7_0 like Mac OS X) AppleWebKit/537.51.1 (KHTML, like Gecko) Version/7.0 Mobile/11A465 Safari/9537.53 BingPreview/1.0b"
40.77.190.191 - - [28/Aug/2022:15:16:08 +0100] "GET /menu/championships_h.png HTTP/1.1" 200 1830 "-" "Mozilla/5.0 (iPhone; CPU iPhone OS 7_0 like Mac OS X) AppleWebKit/537.51.1 (KHTML, like Gecko) Version/7.0 Mobile/11A465 Safari/9537.53 BingPreview/1.0b"
40.77.189.120 - - [28/Aug/2022:15:16:08 +0100] "GET /menu/member-federations_h.png HTTP/1.1" 200 1924 "-" "Mozilla/5.0 (iPhone; CPU iPhone OS 7_0 like Mac OS X) AppleWebKit/537.51.1 (KHTML, like Gecko) Version/7.0 Mobile/11A465 Safari/9537.53 BingPreview/1.0b"
40.77.190.12 - - [28/Aug/2022:15:16:08 +0100] "GET /menu/sub.png HTTP/1.1" 200 444 "-" "Mozilla/5.0 (iPhone; CPU iPhone OS 7_0 like Mac OS X) AppleWebKit/537.51.1 (KHTML, like Gecko) Version/7.0 Mobile/11A465 Safari/9537.53 BingPreview/1.0b"
40.77.188.206 - - [28/Aug/2022:15:16:08 +0100] "GET /menu/sub_f.png HTTP/1.1" 200 433 "-" "Mozilla/5.0 (iPhone; CPU iPhone OS 7_0 like Mac OS X) AppleWebKit/537.51.1 (KHTML, like Gecko) Version/7.0 Mobile/11A465 Safari/9537.53 BingPreview/1.0b"
40.77.189.138 - - [28/Aug/2022:15:16:09 +0100] "GET /menu/sub_h.png HTTP/1.1" 200 445 "-" "Mozilla/5.0 (iPhone; CPU iPhone OS 7_0 like Mac OS X) AppleWebKit/537.51.1 (KHTML, like Gecko) Version/7.0 Mobile/11A465 Safari/9537.53 BingPreview/1.0b"
40.77.190.238 - - [28/Aug/2022:15:16:09 +0100] "GET /menu/sub_l.png HTTP/1.1" 200 444 "-" "Mozilla/5.0 (iPhone; CPU iPhone OS 7_0 like Mac OS X) AppleWebKit/537.51.1 (KHTML, like Gecko) Version/7.0 Mobile/11A465 Safari/9537.53 BingPreview/1.0b"
40.77.189.11 - - [28/Aug/2022:15:16:09 +0100] "GET /menu/sub_f_h.png HTTP/1.1" 200 435 "-" "Mozilla/5.0 (iPhone; CPU iPhone OS 7_0 like Mac OS X) AppleWebKit/537.51.1 (KHTML, like Gecko) Version/7.0 Mobile/11A465 Safari/9537.53 BingPreview/1.0b"
40.77.190.58 - - [28/Aug/2022:15:16:09 +0100] "GET /menu/sub_m.png HTTP/1.1" 200 433 "-" "Mozilla/5.0 (iPhone; CPU iPhone OS 7_0 like Mac OS X) AppleWebKit/537.51.1 (KHTML, like Gecko) Version/7.0 Mobile/11A465 Safari/9537.53 BingPreview/1.0b"
40.77.188.86 - - [28/Aug/2022:15:16:10 +0100] "GET /menu/sub_m_h.png HTTP/1.1" 200 435 "-" "Mozilla/5.0 (iPhone; CPU iPhone OS 7_0 like Mac OS X) AppleWebKit/537.51.1 (KHTML, like Gecko) Version/7.0 Mobile/11A465 Safari/9537.53 BingPreview/1.0b"
40.77.188.207 - - [28/Aug/2022:15:16:10 +0100] "GET /menu/sub_l_h.png HTTP/1.1" 200 442 "-" "Mozilla/5.0 (iPhone; CPU iPhone OS 7_0 like Mac OS X) AppleWebKit/537.51.1 (KHTML, like Gecko) Version/7.0 Mobile/11A465 Safari/9537.53 BingPreview/1.0b"
40.77.189.56 - - [28/Aug/2022:15:16:10 +0100] "GET /res/imLoad.gif HTTP/1.1" 200 3437 "-" "Mozilla/5.0 (iPhone; CPU iPhone OS 7_0 like Mac OS X) AppleWebKit/537.51.1 (KHTML, like Gecko) Version/7.0 Mobile/11A465 Safari/9537.53 BingPreview/1.0b"
40.77.188.125 - - [28/Aug/2022:15:16:11 +0100] "GET /res/imClose.png HTTP/1.1" 200 4087 "-" "Mozilla/5.0 (iPhone; CPU iPhone OS 7_0 like Mac OS X) AppleWebKit/537.51.1 (KHTML, like Gecko) Version/7.0 Mobile/11A465 Safari/9537.53 BingPreview/1.0b"
40.77.190.12 - - [28/Aug/2022:15:16:05 +0100] "GET /menu/host-countries.png HTTP/1.1" 200 1463 "-" "Mozilla/5.0 (iPhone; CPU iPhone OS 7_0 like Mac OS X) AppleWebKit/537.51.1 (KHTML, like Gecko) Version/7.0 Mobile/11A465 Safari/9537.53 BingPreview/1.0b"
40.77.189.244 - - [28/Aug/2022:15:16:05 +0100] "GET /menu/championships.png HTTP/1.1" 200 1487 "-" "Mozilla/5.0 (iPhone; CPU iPhone OS 7_0 like Mac OS X) AppleWebKit/537.51.1 (KHTML, like Gecko) Version/7.0 Mobile/11A465 Safari/9537.53 BingPreview/1.0b"
40.77.190.12 - - [28/Aug/2022:15:16:05 +0100] "GET /images/gradient_9e42idqz.png HTTP/1.1" 200 574 "-" "Mozilla/5.0 (iPhone; CPU iPhone OS 7_0 like Mac OS X) AppleWebKit/537.51.1 (KHTML, like Gecko) Version/7.0 Mobile/11A465 Safari/9537.53 BingPreview/1.0b"
40.77.189.147 - - [28/Aug/2022:15:16:06 +0100] "GET /style/content.jpg HTTP/1.1" 200 4123 "-" "Mozilla/5.0 (iPhone; CPU iPhone OS 7_0 like Mac OS X) AppleWebKit/537.51.1 (KHTML, like Gecko) Version/7.0 Mobile/11A465 Safari/9537.53 BingPreview/1.0b"
40.77.188.86 - - [28/Aug/2022:15:16:06 +0100] "GET /images/gradient_a2ba36c8.png HTTP/1.1" 200 581 "-" "Mozilla/5.0 (iPhone; CPU iPhone OS 7_0 like Mac OS X) AppleWebKit/537.51.1 (KHTML, like Gecko) Version/7.0 Mobile/11A465 Safari/9537.53 BingPreview/1.0b"
40.77.190.164 - - [28/Aug/2022:15:16:08 +0100] "GET /menu/officers---contact_h.png HTTP/1.1" 200 1900 "-" "Mozilla/5.0 (iPhone; CPU iPhone OS 7_0 like Mac OS X) AppleWebKit/537.51.1 (KHTML, like Gecko) Version/7.0 Mobile/11A465 Safari/9537.53 BingPreview/1.0b"
40.77.189.120 - - [28/Aug/2022:15:16:11 +0100] "GET /menu/host-countries_h.png HTTP/1.1" 200 1814 "-" "Mozilla/5.0 (iPhone; CPU iPhone OS 7_0 like Mac OS X) AppleWebKit/537.51.1 (KHTML, like Gecko) Version/7.0 Mobile/11A465 Safari/9537.53 BingPreview/1.0b"
77.75.79.32 - - [28/Aug/2022:15:22:42 +0100] "GET /robots.txt HTTP/1.1" 404 341 "-" "Mozilla/5.0 (compatible; SeznamBot/3.2; +http://napoveda.seznam.cz/en/seznambot-intro/)"
77.75.79.32 - - [28/Aug/2022:15:22:43 +0100] "GET /files/1997-AP-Prs--2-.pdf HTTP/1.1" 200 18577 "-" "Mozilla/5.0 (compatible; SeznamBot/3.2; +http://napoveda.seznam.cz/en/seznambot-intro/)"
156.146.63.157 - - [28/Aug/2022:15:52:49 +0100] "GET /.env HTTP/1.1" 404 341 "-" "Mozilla/5.0 (Linux; U; Android 4.4.2; en-US; HM NOTE 1W Build/KOT49H) AppleWebKit/534.30 (KHTML, like Gecko) Version/4.0 UCBrowser/11.0.5.850 U3/0.8.0 Mobile Safari/534.30"
156.146.63.157 - - [28/Aug/2022:15:52:50 +0100] "POST / HTTP/1.1" 200 20706 "-" "Mozilla/5.0 (Linux; U; Android 4.4.2; en-US; HM NOTE 1W Build/KOT49H) AppleWebKit/534.30 (KHTML, like Gecko) Version/4.0 UCBrowser/11.0.5.850 U3/0.8.0 Mobile Safari/534.30"
156.146.63.157 - - [28/Aug/2022:15:52:52 +0100] "POST / HTTP/1.1" 200 20706 "-" "Mozilla/5.0 (Linux; U; Android 4.4.2; en-US; HM NOTE 1W Build/KOT49H) AppleWebKit/534.30 (KHTML, like Gecko) Version/4.0 UCBrowser/11.0.5.850 U3/0.8.0 Mobile Safari/534.30"
156.146.63.157 - - [28/Aug/2022:15:52:51 +0100] "GET /.env HTTP/1.1" 404 341 "-" "Mozilla/5.0 (Linux; U; Android 4.4.2; en-US; HM NOTE 1W Build/KOT49H) AppleWebKit/534.30 (KHTML, like Gecko) Version/4.0 UCBrowser/11.0.5.850 U3/0.8.0 Mobile Safari/534.30"
156.146.63.157 - - [28/Aug/2022:15:53:00 +0100] "GET /vendor/phpunit/phpunit/src/Util/PHP/eval-stdin.php HTTP/1.1" 404 341 "-" "python-requests/2.28.0"
172.58.229.11 - - [28/Aug/2022:15:53:04 +0100] "GET /style/reset.css HTTP/1.1" 200 452 "http://www.csfed.org/officers---contact.html" "Mozilla/5.0 (Macintosh; Intel Mac OS X 10_15_7) AppleWebKit/537.36 (KHTML, like Gecko) Chrome/104.0.0.0 Safari/537.36"
172.58.229.11 - - [28/Aug/2022:15:53:04 +0100] "GET /style/style.css HTTP/1.1" 200 3628 "http://www.csfed.org/officers---contact.html" "Mozilla/5.0 (Macintosh; Intel Mac OS X 10_15_7) AppleWebKit/537.36 (KHTML, like Gecko) Chrome/104.0.0.0 Safari/537.36"
172.58.229.11 - - [28/Aug/2022:15:53:04 +0100] "GET /style/template.css HTTP/1.1" 200 460 "http://www.csfed.org/officers---contact.html" "Mozilla/5.0 (Macintosh; Intel Mac OS X 10_15_7) AppleWebKit/537.36 (KHTML, like Gecko) Chrome/104.0.0.0 Safari/537.36"
172.58.229.11 - - [28/Aug/2022:15:53:04 +0100] "GET /style/menu.css HTTP/1.1" 200 1728 "http://www.csfed.org/officers---contact.html" "Mozilla/5.0 (Macintosh; Intel Mac OS X 10_15_7) AppleWebKit/537.36 (KHTML, like Gecko) Chrome/104.0.0.0 Safari/537.36"
172.58.229.11 - - [28/Aug/2022:15:53:04 +0100] "GET /res/jquery.js?57 HTTP/1.1" 200 36629 "http://www.csfed.org/officers---contact.html" "Mozilla/5.0 (Macintosh; Intel Mac OS X 10_15_7) AppleWebKit/537.36 (KHTML, like Gecko) Chrome/104.0.0.0 Safari/537.36"
172.58.229.11 - - [28/Aug/2022:15:53:04 +0100] "GET /res/x5engine.js?57 HTTP/1.1" 200 1794 "http://www.csfed.org/officers---contact.html" "Mozilla/5.0 (Macintosh; Intel Mac OS X 10_15_7) AppleWebKit/537.36 (KHTML, like Gecko) Chrome/104.0.0.0 Safari/537.36"
172.58.229.11 - - [28/Aug/2022:15:53:04 +0100] "GET /style/print.css HTTP/1.1" 200 162 "http://www.csfed.org/officers---contact.html" "Mozilla/5.0 (Macintosh; Intel Mac OS X 10_15_7) AppleWebKit/537.36 (KHTML, like Gecko) Chrome/104.0.0.0 Safari/537.36"
172.58.229.11 - - [28/Aug/2022:15:53:04 +0100] "GET /officers---contact.html HTTP/1.1" 200 16520 "https://www.google.com/" "Mozilla/5.0 (Macintosh; Intel Mac OS X 10_15_7) AppleWebKit/537.36 (KHTML, like Gecko) Chrome/104.0.0.0 Safari/537.36"
172.58.229.11 - - [28/Aug/2022:15:53:04 +0100] "GET /pcss/officers---contact.css HTTP/1.1" 200 2331 "http://www.csfed.org/officers---contact.html" "Mozilla/5.0 (Macintosh; Intel Mac OS X 10_15_7) AppleWebKit/537.36 (KHTML, like Gecko) Chrome/104.0.0.0 Safari/537.36"
172.58.229.11 - - [28/Aug/2022:15:53:05 +0100] "GET /style/top.png HTTP/1.1" 200 110502 "http://www.csfed.org/style/template.css" "Mozilla/5.0 (Macintosh; Intel Mac OS X 10_15_7) AppleWebKit/537.36 (KHTML, like Gecko) Chrome/104.0.0.0 Safari/537.36"
172.58.229.11 - - [28/Aug/2022:15:53:05 +0100] "GET /style/content.jpg HTTP/1.1" 200 4123 "http://www.csfed.org/style/template.css" "Mozilla/5.0 (Macintosh; Intel Mac OS X 10_15_7) AppleWebKit/537.36 (KHTML, like Gecko) Chrome/104.0.0.0 Safari/537.36"
172.58.229.11 - - [28/Aug/2022:15:53:05 +0100] "GET /menu/index.png HTTP/1.1" 200 1288 "http://www.csfed.org/style/menu.css" "Mozilla/5.0 (Macintosh; Intel Mac OS X 10_15_7) AppleWebKit/537.36 (KHTML, like Gecko) Chrome/104.0.0.0 Safari/537.36"
172.58.229.11 - - [28/Aug/2022:15:53:05 +0100] "GET /res/swfobject.js HTTP/1.1" 200 9673 "http://www.csfed.org/officers---contact.html" "Mozilla/5.0 (Macintosh; Intel Mac OS X 10_15_7) AppleWebKit/537.36 (KHTML, like Gecko) Chrome/104.0.0.0 Safari/537.36"
172.58.229.11 - - [28/Aug/2022:15:53:05 +0100] "GET /images/gradient.png HTTP/1.1" 200 469 "http://www.csfed.org/pcss/officers---contact.css" "Mozilla/5.0 (Macintosh; Intel Mac OS X 10_15_7) AppleWebKit/537.36 (KHTML, like Gecko) Chrome/104.0.0.0 Safari/537.36"
172.58.229.11 - - [28/Aug/2022:15:53:05 +0100] "GET /menu/host-countries.png HTTP/1.1" 200 1463 "http://www.csfed.org/style/menu.css" "Mozilla/5.0 (Macintosh; Intel Mac OS X 10_15_7) AppleWebKit/537.36 (KHTML, like Gecko) Chrome/104.0.0.0 Safari/537.36"
172.58.229.11 - - [28/Aug/2022:15:53:05 +0100] "GET /menu/member-federations.png HTTP/1.1" 200 1553 "http://www.csfed.org/style/menu.css" "Mozilla/5.0 (Macintosh; Intel Mac OS X 10_15_7) AppleWebKit/537.36 (KHTML, like Gecko) Chrome/104.0.0.0 Safari/537.36"
172.58.229.11 - - [28/Aug/2022:15:53:05 +0100] "GET /menu/championships.png HTTP/1.1" 200 1487 "http://www.csfed.org/style/menu.css" "Mozilla/5.0 (Macintosh; Intel Mac OS X 10_15_7) AppleWebKit/537.36 (KHTML, like Gecko) Chrome/104.0.0.0 Safari/537.36"
172.58.229.11 - - [28/Aug/2022:15:53:05 +0100] "GET /menu/officers---contact_h.png HTTP/1.1" 200 1900 "http://www.csfed.org/style/menu.css" "Mozilla/5.0 (Macintosh; Intel Mac OS X 10_15_7) AppleWebKit/537.36 (KHTML, like Gecko) Chrome/104.0.0.0 Safari/537.36"
172.58.229.11 - - [28/Aug/2022:15:53:05 +0100] "GET /style/bottom.png HTTP/1.1" 200 3109 "http://www.csfed.org/style/template.css" "Mozilla/5.0 (Macintosh; Intel Mac OS X 10_15_7) AppleWebKit/537.36 (KHTML, like Gecko) Chrome/104.0.0.0 Safari/537.36"
172.58.229.11 - - [28/Aug/2022:15:53:06 +0100] "GET /res/l10n.js HTTP/1.1" 200 16284 "http://www.csfed.org/officers---contact.html" "Mozilla/5.0 (Macintosh; Intel Mac OS X 10_15_7) AppleWebKit/537.36 (KHTML, like Gecko) Chrome/104.0.0.0 Safari/537.36"
172.58.229.11 - - [28/Aug/2022:15:53:06 +0100] "GET /res/x5cartengine.js HTTP/1.1" 200 45781 "http://www.csfed.org/officers---contact.html" "Mozilla/5.0 (Macintosh; Intel Mac OS X 10_15_7) AppleWebKit/537.36 (KHTML, like Gecko) Chrome/104.0.0.0 Safari/537.36"
172.58.229.11 - - [28/Aug/2022:15:53:06 +0100] "GET /res/x5engine.deferrable.js HTTP/1.1" 200 173959 "http://www.csfed.org/officers---contact.html" "Mozilla/5.0 (Macintosh; Intel Mac OS X 10_15_7) AppleWebKit/537.36 (KHTML, like Gecko) Chrome/104.0.0.0 Safari/537.36"
172.58.229.11 - - [28/Aug/2022:15:53:06 +0100] "GET /res/x5settings.js HTTP/1.1" 200 2282 "http://www.csfed.org/officers---contact.html" "Mozilla/5.0 (Macintosh; Intel Mac OS X 10_15_7) AppleWebKit/537.36 (KHTML, like Gecko) Chrome/104.0.0.0 Safari/537.36"
172.58.229.11 - - [28/Aug/2022:15:53:06 +0100] "GET /favicon.png HTTP/1.1" 200 1150 "http://www.csfed.org/officers---contact.html" "Mozilla/5.0 (Macintosh; Intel Mac OS X 10_15_7) AppleWebKit/537.36 (KHTML, like Gecko) Chrome/104.0.0.0 Safari/537.36"
172.58.229.11 - - [28/Aug/2022:15:53:05 +0100] "GET /style/bg.jpg HTTP/1.1" 200 4781 "http://www.csfed.org/style/template.css" "Mozilla/5.0 (Macintosh; Intel Mac OS X 10_15_7) AppleWebKit/537.36 (KHTML, like Gecko) Chrome/104.0.0.0 Safari/537.36"
172.58.229.11 - - [28/Aug/2022:15:53:05 +0100] "GET /style/menu.jpg HTTP/1.1" 200 7337 "http://www.csfed.org/style/template.css" "Mozilla/5.0 (Macintosh; Intel Mac OS X 10_15_7) AppleWebKit/537.36 (KHTML, like Gecko) Chrome/104.0.0.0 Safari/537.36"
172.58.229.11 - - [28/Aug/2022:15:53:07 +0100] "GET /menu/member-federations_h.png HTTP/1.1" 200 1924 "http://www.csfed.org/officers---contact.html" "Mozilla/5.0 (Macintosh; Intel Mac OS X 10_15_7) AppleWebKit/537.36 (KHTML, like Gecko) Chrome/104.0.0.0 Safari/537.36"
172.58.229.11 - - [28/Aug/2022:15:53:07 +0100] "GET /menu/sub.png HTTP/1.1" 200 444 "http://www.csfed.org/officers---contact.html" "Mozilla/5.0 (Macintosh; Intel Mac OS X 10_15_7) AppleWebKit/537.36 (KHTML, like Gecko) Chrome/104.0.0.0 Safari/537.36"
172.58.229.11 - - [28/Aug/2022:15:53:08 +0100] "GET /menu/sub_f.png HTTP/1.1" 200 433 "http://www.csfed.org/officers---contact.html" "Mozilla/5.0 (Macintosh; Intel Mac OS X 10_15_7) AppleWebKit/537.36 (KHTML, like Gecko) Chrome/104.0.0.0 Safari/537.36"
172.58.229.11 - - [28/Aug/2022:15:53:08 +0100] "GET /menu/sub_m.png HTTP/1.1" 200 433 "http://www.csfed.org/officers---contact.html" "Mozilla/5.0 (Macintosh; Intel Mac OS X 10_15_7) AppleWebKit/537.36 (KHTML, like Gecko) Chrome/104.0.0.0 Safari/537.36"
172.58.229.11 - - [28/Aug/2022:15:53:08 +0100] "GET /menu/sub_l.png HTTP/1.1" 200 444 "http://www.csfed.org/officers---contact.html" "Mozilla/5.0 (Macintosh; Intel Mac OS X 10_15_7) AppleWebKit/537.36 (KHTML, like Gecko) Chrome/104.0.0.0 Safari/537.36"
172.58.229.11 - - [28/Aug/2022:15:53:08 +0100] "GET /menu/sub_m_h.png HTTP/1.1" 200 435 "http://www.csfed.org/officers---contact.html" "Mozilla/5.0 (Macintosh; Intel Mac OS X 10_15_7) AppleWebKit/537.36 (KHTML, like Gecko) Chrome/104.0.0.0 Safari/537.36"
172.58.229.11 - - [28/Aug/2022:15:53:08 +0100] "GET /menu/sub_l_h.png HTTP/1.1" 200 442 "http://www.csfed.org/officers---contact.html" "Mozilla/5.0 (Macintosh; Intel Mac OS X 10_15_7) AppleWebKit/537.36 (KHTML, like Gecko) Chrome/104.0.0.0 Safari/537.36"
172.58.229.11 - - [28/Aug/2022:15:53:07 +0100] "GET /menu/index_h.png HTTP/1.1" 200 1712 "http://www.csfed.org/officers---contact.html" "Mozilla/5.0 (Macintosh; Intel Mac OS X 10_15_7) AppleWebKit/537.36 (KHTML, like Gecko) Chrome/104.0.0.0 Safari/537.36"
172.58.229.11 - - [28/Aug/2022:15:53:07 +0100] "GET /menu/host-countries_h.png HTTP/1.1" 200 1814 "http://www.csfed.org/officers---contact.html" "Mozilla/5.0 (Macintosh; Intel Mac OS X 10_15_7) AppleWebKit/537.36 (KHTML, like Gecko) Chrome/104.0.0.0 Safari/537.36"
172.58.229.11 - - [28/Aug/2022:15:53:07 +0100] "GET /menu/championships_h.png HTTP/1.1" 200 1830 "http://www.csfed.org/officers---contact.html" "Mozilla/5.0 (Macintosh; Intel Mac OS X 10_15_7) AppleWebKit/537.36 (KHTML, like Gecko) Chrome/104.0.0.0 Safari/537.36"
172.58.229.11 - - [28/Aug/2022:15:53:07 +0100] "GET /menu/sub_h.png HTTP/1.1" 200 445 "http://www.csfed.org/officers---contact.html" "Mozilla/5.0 (Macintosh; Intel Mac OS X 10_15_7) AppleWebKit/537.36 (KHTML, like Gecko) Chrome/104.0.0.0 Safari/537.36"
172.58.229.11 - - [28/Aug/2022:15:53:08 +0100] "GET /menu/sub_f_h.png HTTP/1.1" 200 435 "http://www.csfed.org/officers---contact.html" "Mozilla/5.0 (Macintosh; Intel Mac OS X 10_15_7) AppleWebKit/537.36 (KHTML, like Gecko) Chrome/104.0.0.0 Safari/537.36"
172.58.229.11 - - [28/Aug/2022:15:53:08 +0100] "GET /res/imLoad.gif HTTP/1.1" 200 3437 "http://www.csfed.org/officers---contact.html" "Mozilla/5.0 (Macintosh; Intel Mac OS X 10_15_7) AppleWebKit/537.36 (KHTML, like Gecko) Chrome/104.0.0.0 Safari/537.36"
172.58.229.11 - - [28/Aug/2022:15:53:08 +0100] "GET /res/imClose.png HTTP/1.1" 200 4087 "http://www.csfed.org/officers---contact.html" "Mozilla/5.0 (Macintosh; Intel Mac OS X 10_15_7) AppleWebKit/537.36 (KHTML, like Gecko) Chrome/104.0.0.0 Safari/537.36"
156.146.63.157 - - [28/Aug/2022:16:18:55 +0100] "GET /.env HTTP/1.1" 404 341 "-" "Mozilla/5.0 (Linux; U; Android 4.4.2; en-US; HM NOTE 1W Build/KOT49H) AppleWebKit/534.30 (KHTML, like Gecko) Version/4.0 UCBrowser/11.0.5.850 U3/0.8.0 Mobile Safari/534.30"
156.146.63.157 - - [28/Aug/2022:16:18:55 +0100] "POST / HTTP/1.1" 200 20706 "-" "Mozilla/5.0 (Linux; U; Android 4.4.2; en-US; HM NOTE 1W Build/KOT49H) AppleWebKit/534.30 (KHTML, like Gecko) Version/4.0 UCBrowser/11.0.5.850 U3/0.8.0 Mobile Safari/534.30"
156.146.63.157 - - [28/Aug/2022:16:18:56 +0100] "GET /.env HTTP/1.1" 404 341 "-" "Mozilla/5.0 (Linux; U; Android 4.4.2; en-US; HM NOTE 1W Build/KOT49H) AppleWebKit/534.30 (KHTML, like Gecko) Version/4.0 UCBrowser/11.0.5.850 U3/0.8.0 Mobile Safari/534.30"
156.146.63.157 - - [28/Aug/2022:16:18:59 +0100] "GET /vendor/phpunit/phpunit/src/Util/PHP/eval-stdin.php HTTP/1.1" 404 341 "-" "python-requests/2.28.0"
156.146.63.157 - - [28/Aug/2022:16:18:58 +0100] "POST / HTTP/1.1" 200 20706 "-" "Mozilla/5.0 (Linux; U; Android 4.4.2; en-US; HM NOTE 1W Build/KOT49H) AppleWebKit/534.30 (KHTML, like Gecko) Version/4.0 UCBrowser/11.0.5.850 U3/0.8.0 Mobile Safari/534.30"
40.66.48.136 - - [28/Aug/2022:16:20:29 +0100] "GET / HTTP/1.1" 200 20706 "-" "Mozilla/5.0 (Windows NT 10.0; Win64; x64) AppleWebKit/537.36 (KHTML, like Gecko) Chrome/88.0.4240.193 Safari/537.36"
40.66.48.136 - - [28/Aug/2022:16:20:29 +0100] "GET / HTTP/1.1" 200 20460 "-" "Mozilla/5.0 (Windows NT 10.0; Win64; x64) AppleWebKit/537.36 (KHTML, like Gecko) Chrome/88.0.4240.193 Safari/537.36"
40.66.48.136 - - [28/Aug/2022:16:21:38 +0100] "GET / HTTP/1.1" 200 20460 "-" "Mozilla/5.0 (Windows NT 10.0; Win64; x64) AppleWebKit/537.36 (KHTML, like Gecko) Chrome/88.0.4240.193 Safari/537.36"
40.66.48.136 - - [28/Aug/2022:16:21:38 +0100] "GET / HTTP/1.1" 200 20460 "-" "Mozilla/5.0 (Windows NT 10.0; Win64; x64) AppleWebKit/537.36 (KHTML, like Gecko) Chrome/88.0.4240.193 Safari/537.36"
40.66.48.136 - - [28/Aug/2022:16:21:38 +0100] "GET / HTTP/1.1" 200 20460 "-" "Mozilla/5.0 (Windows NT 10.0; Win64; x64) AppleWebKit/537.36 (KHTML, like Gecko) Chrome/88.0.4240.193 Safari/537.36"
40.66.48.136 - - [28/Aug/2022:16:24:02 +0100] "GET / HTTP/1.1" 200 20460 "-" "Mozilla/5.0 (Windows NT 10.0; Win64; x64) AppleWebKit/537.36 (KHTML, like Gecko) Chrome/88.0.4240.193 Safari/537.36"
40.66.48.136 - - [28/Aug/2022:16:24:02 +0100] "GET / HTTP/1.1" 200 20460 "-" "Mozilla/5.0 (Windows NT 10.0; Win64; x64) AppleWebKit/537.36 (KHTML, like Gecko) Chrome/88.0.4240.193 Safari/537.36"
40.66.48.136 - - [28/Aug/2022:16:24:02 +0100] "GET / HTTP/1.1" 200 20460 "-" "Mozilla/5.0 (Windows NT 10.0; Win64; x64) AppleWebKit/537.36 (KHTML, like Gecko) Chrome/88.0.4240.193 Safari/537.36"
40.66.48.136 - - [28/Aug/2022:16:24:46 +0100] "GET / HTTP/1.1" 200 20460 "-" "Mozilla/5.0 (Windows NT 10.0; Win64; x64) AppleWebKit/537.36 (KHTML, like Gecko) Chrome/88.0.4240.193 Safari/537.36"
40.66.48.136 - - [28/Aug/2022:16:24:46 +0100] "GET / HTTP/1.1" 200 20460 "-" "Mozilla/5.0 (Windows NT 10.0; Win64; x64) AppleWebKit/537.36 (KHTML, like Gecko) Chrome/88.0.4240.193 Safari/537.36"
40.66.48.136 - - [28/Aug/2022:16:24:46 +0100] "GET / HTTP/1.1" 200 20460 "-" "Mozilla/5.0 (Windows NT 10.0; Win64; x64) AppleWebKit/537.36 (KHTML, like Gecko) Chrome/88.0.4240.193 Safari/537.36"
20.77.92.178 - - [28/Aug/2022:16:29:51 +0100] "GET / HTTP/1.1" 200 20460 "-" "Mozilla/5.0 (Windows NT 10.0; Win64; x64) AppleWebKit/537.36 (KHTML, like Gecko) Chrome/95.0.4638.69 Safari/537.36"
20.77.92.178 - - [28/Aug/2022:16:29:51 +0100] "GET / HTTP/1.1" 200 20706 "-" "Mozilla/5.0 (Windows NT 10.0; Win64; x64) AppleWebKit/537.36 (KHTML, like Gecko) Chrome/95.0.4638.69 Safari/537.36"
20.77.92.178 - - [28/Aug/2022:16:29:51 +0100] "GET /feed/ HTTP/1.1" 404 341 "-" "Mozilla/5.0 (Windows NT 10.0; Win64; x64) AppleWebKit/537.36 (KHTML, like Gecko) Chrome/95.0.4638.69 Safari/537.36"
17.121.113.161 - - [28/Aug/2022:17:54:09 +0100] "GET /robots.txt HTTP/1.1" 404 341 "-" "Mozilla/5.0 (Macintosh; Intel Mac OS X 10_15_5) AppleWebKit/605.1.15 (KHTML, like Gecko) Version/13.1.1 Safari/605.1.15 (Applebot/0.1; +http://www.apple.com/go/applebot)"
17.121.113.161 - - [28/Aug/2022:17:54:10 +0100] "GET / HTTP/1.1" 200 20706 "-" "Mozilla/5.0 (Macintosh; Intel Mac OS X 10_15_5) AppleWebKit/605.1.15 (KHTML, like Gecko) Version/13.1.1 Safari/605.1.15 (Applebot/0.1; +http://www.apple.com/go/applebot)"
156.146.63.157 - - [28/Aug/2022:18:28:36 +0100] "GET /.env HTTP/1.1" 404 341 "-" "Mozilla/5.0 (Linux; U; Android 4.4.2; en-US; HM NOTE 1W Build/KOT49H) AppleWebKit/534.30 (KHTML, like Gecko) Version/4.0 UCBrowser/11.0.5.850 U3/0.8.0 Mobile Safari/534.30"
156.146.63.157 - - [28/Aug/2022:18:28:36 +0100] "POST / HTTP/1.1" 200 20706 "-" "Mozilla/5.0 (Linux; U; Android 4.4.2; en-US; HM NOTE 1W Build/KOT49H) AppleWebKit/534.30 (KHTML, like Gecko) Version/4.0 UCBrowser/11.0.5.850 U3/0.8.0 Mobile Safari/534.30"
156.146.63.157 - - [28/Aug/2022:18:28:37 +0100] "GET /.env HTTP/1.1" 404 341 "-" "Mozilla/5.0 (Linux; U; Android 4.4.2; en-US; HM NOTE 1W Build/KOT49H) AppleWebKit/534.30 (KHTML, like Gecko) Version/4.0 UCBrowser/11.0.5.850 U3/0.8.0 Mobile Safari/534.30"
207.46.13.123 - - [28/Aug/2022:18:39:47 +0100] "GET /files/csfed-regulations---approved-27.9.08,-gibraltar,-and-amended-sept-2009.pdf HTTP/1.1" 404 341 "-" "Mozilla/5.0 (compatible; bingbot/2.0; +http://www.bing.com/bingbot.htm)"
114.119.129.184 - - [28/Aug/2022:18:40:25 +0100] "GET /robots.txt HTTP/1.1" 404 341 "-" "Mozilla/5.0 (compatible;PetalBot;+https://webmaster.petalsearch.com/site/petalbot)"
222.137.87.32 - - [28/Aug/2022:19:49:49 +0100] "GET /robots.txt HTTP/1.1" 404 341 "-" "Mozilla/5.0 (Windows NT 10.0; Win64; x64) AppleWebKit/537.36 (KHTML, like Gecko) Chrome/92.0.4515.159 Safari/537.36"
